
Allocating common symbols
Common symbol       size              file

io                  0x10              io.o

Memory Configuration

Name             Origin             Length             Attributes
IO               0x0000000080000000 0x0000000000000010 rw !x
ROM              0x0000000000000000 0x0000000000001000 x !rw
RAM              0x0000000000001000 0x0000000000001000 rw !x
*default*        0x0000000000000000 0xffffffffffffffff

Linker script and memory map


.io             0x0000000080000000       0x10
 io.o(COMMON)
 COMMON         0x0000000080000000       0x10 io.o
                0x0000000080000000                io

.text           0x0000000000000000      0x868
 boot.o(.text)
 .text          0x0000000000000000       0x88 boot.o
                0x0000000000000000                boot
 *(.text)
 .text          0x0000000000000088        0x0 io.o
 .text          0x0000000000000088      0x758 stdio.o
                0x0000000000000088                getchar
                0x00000000000000b0                putchar
                0x00000000000000f8                gets
                0x00000000000001b8                putstr
                0x0000000000000200                puts
                0x0000000000000220                putdx
                0x0000000000000310                putx
                0x000000000000031c                putd
                0x0000000000000328                printf
                0x0000000000000404                strncmp
                0x0000000000000440                strcmp
                0x000000000000044c                strlen
                0x0000000000000474                memcpy
                0x00000000000004a0                memset
                0x00000000000004c4                strtok
                0x0000000000000568                atoi
                0x00000000000005c4                xtoi
                0x000000000000060c                mac
                0x000000000000061c                __umulsi3
                0x0000000000000670                __mulsi3
                0x00000000000006c8                __udiv_umod_si3
                0x0000000000000724                __udivsi3
                0x0000000000000730                __umodsi3
                0x000000000000073c                __div_mod_si3
                0x00000000000007c8                __divsi3
                0x00000000000007d4                __modsi3
 .text          0x00000000000007e0        0x0 main.o
 .text          0x00000000000007e0       0x88 banner.o
                0x00000000000007e0                banner

.text.startup   0x0000000000000868      0x81c
 .text.startup  0x0000000000000868      0x81c main.o
                0x0000000000000868                main

.data           0x0000000000001000      0x88c
 *(.sbss)
 .sbss          0x0000000000001000        0x4 io.o
                0x0000000000001000                threads
 .sbss          0x0000000000001004        0x4 stdio.o
 *(.rodata*)
 .rodata.str1.4
                0x0000000000001008       0x71 io.o
 *fill*         0x0000000000001079        0x3 
 .rodata.str1.4
                0x000000000000107c       0x19 stdio.o
 *fill*         0x0000000000001095        0x3 
 .rodata        0x0000000000001098       0x40 stdio.o
 .rodata.str1.4
                0x00000000000010d8      0x363 main.o
                                        0x367 (size before relaxing)
 *fill*         0x000000000000143b        0x1 
 .rodata.str1.4
                0x000000000000143c      0x438 banner.o
 *(.data)
 .data          0x0000000000001874       0x18 io.o
                0x0000000000001874                board_name
 .data          0x000000000000188c        0x0 boot.o
 .data          0x000000000000188c        0x0 stdio.o
 .data          0x000000000000188c        0x0 main.o
 .data          0x000000000000188c        0x0 banner.o
 *(.bss)
 .bss           0x000000000000188c        0x0 io.o
 .bss           0x000000000000188c        0x0 boot.o
 .bss           0x000000000000188c        0x0 stdio.o
 .bss           0x000000000000188c        0x0 main.o
 .bss           0x000000000000188c        0x0 banner.o
 *(.rela*)
 .rela.text     0x000000000000188c        0x0 io.o
 .rela.text.startup
                0x000000000000188c        0x0 io.o
 *(COMMON)
LOAD boot.o
LOAD stdio.o
LOAD main.o
LOAD io.o
LOAD banner.o
OUTPUT(darksocv.o elf32-littleriscv)

.sdata          0x000000000000188c        0xc
 .sdata         0x000000000000188c        0xc main.o
                0x000000000000188c                opts
                0x000000000000188e                port
                0x0000000000001890                ip
                0x0000000000001894                test

.comment        0x0000000000000000       0x11
 .comment       0x0000000000000000       0x11 io.o
                                         0x12 (size before relaxing)
 .comment       0x0000000000000011       0x12 boot.o
 .comment       0x0000000000000011       0x12 stdio.o
 .comment       0x0000000000000011       0x12 main.o
 .comment       0x0000000000000011       0x12 banner.o

.riscv.attributes
                0x0000000000000000       0x1c
 .riscv.attributes
                0x0000000000000000       0x1c io.o
 .riscv.attributes
                0x000000000000001c       0x1c boot.o
 .riscv.attributes
                0x0000000000000038       0x1c stdio.o
 .riscv.attributes
                0x0000000000000054       0x1c main.o
 .riscv.attributes
                0x0000000000000070       0x1c banner.o
